/home/agi/aimdk/install/py_examples/lib/python3.10/site-packages/py_examples/slam.py
/home/agi/aimdk/install/py_examples/lib/python3.10/site-packages/py_examples/migrate_system_state.py
/home/agi/aimdk/install/py_examples/lib/python3.10/site-packages/py_examples/play_linkcraft.py
/home/agi/aimdk/install/py_examples/lib/python3.10/site-packages/py_examples/get_map.py
/home/agi/aimdk/install/py_examples/lib/python3.10/site-packages/py_examples/take_photo.py
/home/agi/aimdk/install/py_examples/lib/python3.10/site-packages/py_examples/relocate.py
/home/agi/aimdk/install/py_examples/lib/python3.10/site-packages/py_examples/echo_imu_data.py
/home/agi/aimdk/install/py_examples/lib/python3.10/site-packages/py_examples/get_current_input_source.py
/home/agi/aimdk/install/py_examples/lib/python3.10/site-packages/py_examples/set_mc_input_source.py
/home/agi/aimdk/install/py_examples/lib/python3.10/site-packages/py_examples/hand_control.py
/home/agi/aimdk/install/py_examples/lib/python3.10/site-packages/py_examples/get_mic_source.py
/home/agi/aimdk/install/py_examples/lib/python3.10/site-packages/py_examples/__init__.py
/home/agi/aimdk/install/py_examples/lib/python3.10/site-packages/py_examples/mc_locomotion_velocity.py
/home/agi/aimdk/install/py_examples/lib/python3.10/site-packages/py_examples/play_video.py
/home/agi/aimdk/install/py_examples/lib/python3.10/site-packages/py_examples/omnihand_touch.py
/home/agi/aimdk/install/py_examples/lib/python3.10/site-packages/py_examples/mic_raw_receiver.py
/home/agi/aimdk/install/py_examples/lib/python3.10/site-packages/py_examples/play_audio_stream.py
/home/agi/aimdk/install/py_examples/lib/python3.10/site-packages/py_examples/preset_motion_client.py
/home/agi/aimdk/install/py_examples/lib/python3.10/site-packages/py_examples/play_tts.py
/home/agi/aimdk/install/py_examples/lib/python3.10/site-packages/py_examples/echo_head_touch_sensor.py
/home/agi/aimdk/install/py_examples/lib/python3.10/site-packages/py_examples/mic_receiver.py
/home/agi/aimdk/install/py_examples/lib/python3.10/site-packages/py_examples/echo_camera_stereo.py
/home/agi/aimdk/install/py_examples/lib/python3.10/site-packages/py_examples/echo_lidar_data.py
/home/agi/aimdk/install/py_examples/lib/python3.10/site-packages/py_examples/keyboard.py
/home/agi/aimdk/install/py_examples/lib/python3.10/site-packages/py_examples/get_mc_action.py
/home/agi/aimdk/install/py_examples/lib/python3.10/site-packages/py_examples/motocontrol.py
/home/agi/aimdk/install/py_examples/lib/python3.10/site-packages/py_examples/play_emoji.py
/home/agi/aimdk/install/py_examples/lib/python3.10/site-packages/py_examples/omnihand_control.py
/home/agi/aimdk/install/py_examples/lib/python3.10/site-packages/py_examples/echo_camera_head_rear.py
/home/agi/aimdk/install/py_examples/lib/python3.10/site-packages/py_examples/set_mc_action.py
/home/agi/aimdk/install/py_examples/lib/python3.10/site-packages/py_examples/echo_camera_rgbd.py
/home/agi/aimdk/install/py_examples/lib/python3.10/site-packages/py_examples/play_lights.py
/home/agi/aimdk/install/py_examples/lib/python3.10/site-packages/py_examples/play_audio.py
/home/agi/aimdk/install/py_examples/lib/python3.10/site-packages/py_examples/set_mic_source.py
/home/agi/aimdk/install/py_examples/lib/python3.10/site-packages/py_examples/data/rgb_head_rear_mask.png
/home/agi/aimdk/install/py_examples/lib/python3.10/site-packages/py_examples/__pycache__/slam.cpython-310.pyc
/home/agi/aimdk/install/py_examples/lib/python3.10/site-packages/py_examples/__pycache__/migrate_system_state.cpython-310.pyc
/home/agi/aimdk/install/py_examples/lib/python3.10/site-packages/py_examples/__pycache__/play_linkcraft.cpython-310.pyc
/home/agi/aimdk/install/py_examples/lib/python3.10/site-packages/py_examples/__pycache__/get_map.cpython-310.pyc
/home/agi/aimdk/install/py_examples/lib/python3.10/site-packages/py_examples/__pycache__/take_photo.cpython-310.pyc
/home/agi/aimdk/install/py_examples/lib/python3.10/site-packages/py_examples/__pycache__/relocate.cpython-310.pyc
/home/agi/aimdk/install/py_examples/lib/python3.10/site-packages/py_examples/__pycache__/echo_imu_data.cpython-310.pyc
/home/agi/aimdk/install/py_examples/lib/python3.10/site-packages/py_examples/__pycache__/get_current_input_source.cpython-310.pyc
/home/agi/aimdk/install/py_examples/lib/python3.10/site-packages/py_examples/__pycache__/set_mc_input_source.cpython-310.pyc
/home/agi/aimdk/install/py_examples/lib/python3.10/site-packages/py_examples/__pycache__/hand_control.cpython-310.pyc
/home/agi/aimdk/install/py_examples/lib/python3.10/site-packages/py_examples/__pycache__/get_mic_source.cpython-310.pyc
/home/agi/aimdk/install/py_examples/lib/python3.10/site-packages/py_examples/__pycache__/__init__.cpython-310.pyc
/home/agi/aimdk/install/py_examples/lib/python3.10/site-packages/py_examples/__pycache__/mc_locomotion_velocity.cpython-310.pyc
/home/agi/aimdk/install/py_examples/lib/python3.10/site-packages/py_examples/__pycache__/play_video.cpython-310.pyc
/home/agi/aimdk/install/py_examples/lib/python3.10/site-packages/py_examples/__pycache__/omnihand_touch.cpython-310.pyc
/home/agi/aimdk/install/py_examples/lib/python3.10/site-packages/py_examples/__pycache__/mic_raw_receiver.cpython-310.pyc
/home/agi/aimdk/install/py_examples/lib/python3.10/site-packages/py_examples/__pycache__/play_audio_stream.cpython-310.pyc
/home/agi/aimdk/install/py_examples/lib/python3.10/site-packages/py_examples/__pycache__/preset_motion_client.cpython-310.pyc
/home/agi/aimdk/install/py_examples/lib/python3.10/site-packages/py_examples/__pycache__/play_tts.cpython-310.pyc
/home/agi/aimdk/install/py_examples/lib/python3.10/site-packages/py_examples/__pycache__/echo_head_touch_sensor.cpython-310.pyc
/home/agi/aimdk/install/py_examples/lib/python3.10/site-packages/py_examples/__pycache__/mic_receiver.cpython-310.pyc
/home/agi/aimdk/install/py_examples/lib/python3.10/site-packages/py_examples/__pycache__/echo_camera_stereo.cpython-310.pyc
/home/agi/aimdk/install/py_examples/lib/python3.10/site-packages/py_examples/__pycache__/echo_lidar_data.cpython-310.pyc
/home/agi/aimdk/install/py_examples/lib/python3.10/site-packages/py_examples/__pycache__/keyboard.cpython-310.pyc
/home/agi/aimdk/install/py_examples/lib/python3.10/site-packages/py_examples/__pycache__/get_mc_action.cpython-310.pyc
/home/agi/aimdk/install/py_examples/lib/python3.10/site-packages/py_examples/__pycache__/motocontrol.cpython-310.pyc
/home/agi/aimdk/install/py_examples/lib/python3.10/site-packages/py_examples/__pycache__/play_emoji.cpython-310.pyc
/home/agi/aimdk/install/py_examples/lib/python3.10/site-packages/py_examples/__pycache__/omnihand_control.cpython-310.pyc
/home/agi/aimdk/install/py_examples/lib/python3.10/site-packages/py_examples/__pycache__/echo_camera_head_rear.cpython-310.pyc
/home/agi/aimdk/install/py_examples/lib/python3.10/site-packages/py_examples/__pycache__/set_mc_action.cpython-310.pyc
/home/agi/aimdk/install/py_examples/lib/python3.10/site-packages/py_examples/__pycache__/echo_camera_rgbd.cpython-310.pyc
/home/agi/aimdk/install/py_examples/lib/python3.10/site-packages/py_examples/__pycache__/play_lights.cpython-310.pyc
/home/agi/aimdk/install/py_examples/lib/python3.10/site-packages/py_examples/__pycache__/play_audio.cpython-310.pyc
/home/agi/aimdk/install/py_examples/lib/python3.10/site-packages/py_examples/__pycache__/set_mic_source.cpython-310.pyc
/home/agi/aimdk/install/py_examples/share/ament_index/resource_index/packages/py_examples
/home/agi/aimdk/install/py_examples/share/py_examples/package.xml
/home/agi/aimdk/install/py_examples/lib/python3.10/site-packages/py_examples-0.0.0-py3.10.egg-info/entry_points.txt
/home/agi/aimdk/install/py_examples/lib/python3.10/site-packages/py_examples-0.0.0-py3.10.egg-info/top_level.txt
/home/agi/aimdk/install/py_examples/lib/python3.10/site-packages/py_examples-0.0.0-py3.10.egg-info/PKG-INFO
/home/agi/aimdk/install/py_examples/lib/python3.10/site-packages/py_examples-0.0.0-py3.10.egg-info/SOURCES.txt
/home/agi/aimdk/install/py_examples/lib/python3.10/site-packages/py_examples-0.0.0-py3.10.egg-info/dependency_links.txt
/home/agi/aimdk/install/py_examples/lib/python3.10/site-packages/py_examples-0.0.0-py3.10.egg-info/zip-safe
/home/agi/aimdk/install/py_examples/lib/python3.10/site-packages/py_examples-0.0.0-py3.10.egg-info/requires.txt
/home/agi/aimdk/install/py_examples/lib/py_examples/echo_camera_head_rear
/home/agi/aimdk/install/py_examples/lib/py_examples/echo_camera_rgbd
/home/agi/aimdk/install/py_examples/lib/py_examples/echo_camera_stereo
/home/agi/aimdk/install/py_examples/lib/py_examples/echo_hds_diagnostics
/home/agi/aimdk/install/py_examples/lib/py_examples/echo_head_touch_sensor
/home/agi/aimdk/install/py_examples/lib/py_examples/echo_imu_data
/home/agi/aimdk/install/py_examples/lib/py_examples/echo_lidar_data
/home/agi/aimdk/install/py_examples/lib/py_examples/get_current_input_source
/home/agi/aimdk/install/py_examples/lib/py_examples/get_map
/home/agi/aimdk/install/py_examples/lib/py_examples/get_mc_action
/home/agi/aimdk/install/py_examples/lib/py_examples/get_mic_source
/home/agi/aimdk/install/py_examples/lib/py_examples/hand_control
/home/agi/aimdk/install/py_examples/lib/py_examples/keyboard
/home/agi/aimdk/install/py_examples/lib/py_examples/mc_locomotion_velocity
/home/agi/aimdk/install/py_examples/lib/py_examples/mic_raw_receiver
/home/agi/aimdk/install/py_examples/lib/py_examples/mic_receiver
/home/agi/aimdk/install/py_examples/lib/py_examples/migrate_system_state
/home/agi/aimdk/install/py_examples/lib/py_examples/motocontrol
/home/agi/aimdk/install/py_examples/lib/py_examples/omnihand_control
/home/agi/aimdk/install/py_examples/lib/py_examples/omnihand_touch
/home/agi/aimdk/install/py_examples/lib/py_examples/play_audio
/home/agi/aimdk/install/py_examples/lib/py_examples/play_audio_stream
/home/agi/aimdk/install/py_examples/lib/py_examples/play_emoji
/home/agi/aimdk/install/py_examples/lib/py_examples/play_lights
/home/agi/aimdk/install/py_examples/lib/py_examples/play_linkcraft
/home/agi/aimdk/install/py_examples/lib/py_examples/play_tts
/home/agi/aimdk/install/py_examples/lib/py_examples/play_video
/home/agi/aimdk/install/py_examples/lib/py_examples/preset_motion_client
/home/agi/aimdk/install/py_examples/lib/py_examples/relocate
/home/agi/aimdk/install/py_examples/lib/py_examples/set_mc_action
/home/agi/aimdk/install/py_examples/lib/py_examples/set_mc_input_source
/home/agi/aimdk/install/py_examples/lib/py_examples/set_mic_source
/home/agi/aimdk/install/py_examples/lib/py_examples/slam
/home/agi/aimdk/install/py_examples/lib/py_examples/take_photo
